2026-05-04 01:18:13,309 INFO    Thread-6 (_run_job):1071929 [wandb_setup.py:_flush():81] Current SDK version is 0.26.1
2026-05-04 01:18:13,309 INFO    Thread-6 (_run_job):1071929 [wandb_setup.py:_flush():81] Configure stats pid to 1071929
2026-05-04 01:18:13,309 INFO    Thread-6 (_run_job):1071929 [wandb_setup.py:_flush():81] Loading settings from environment variables
2026-05-04 01:18:13,310 INFO    Thread-6 (_run_job):1071929 [wandb_init.py:setup_run_log_directory():723] Logging user logs to /gpfs/home/cqp0132/vae_sweep_project/wandb/run-20260504_011813-qmcvgc0a/logs/debug.log
2026-05-04 01:18:13,310 INFO    Thread-6 (_run_job):1071929 [wandb_init.py:setup_run_log_directory():724] Logging internal logs to /gpfs/home/cqp0132/vae_sweep_project/wandb/run-20260504_011813-qmcvgc0a/logs/debug-internal.log
2026-05-04 01:18:13,310 INFO    Thread-6 (_run_job):1071929 [wandb_init.py:init():850] calling init triggers
2026-05-04 01:18:13,310 INFO    Thread-6 (_run_job):1071929 [wandb_init.py:init():855] wandb.init called with sweep_config: {'beta': 1.5, 'epochs': 15, 'latent_dim': 256, 'learning_rate': 0.0005}
config: {'_wandb': {}}
2026-05-04 01:18:13,310 INFO    Thread-6 (_run_job):1071929 [wandb_init.py:init():898] starting backend
2026-05-04 01:18:13,515 INFO    Thread-6 (_run_job):1071929 [wandb_init.py:init():913] sending inform_init request
2026-05-04 01:18:13,705 INFO    Thread-6 (_run_job):1071929 [wandb_init.py:init():918] backend started and connected
2026-05-04 01:18:13,706 INFO    Thread-6 (_run_job):1071929 [wandb_run.py:_config_callback():1415] config_cb None None {'beta': 1.5, 'epochs': 15, 'latent_dim': 256, 'learning_rate': 0.0005}
2026-05-04 01:18:13,710 INFO    Thread-6 (_run_job):1071929 [wandb_init.py:init():988] updated telemetry
2026-05-04 01:18:13,715 INFO    Thread-6 (_run_job):1071929 [wandb_init.py:init():1011] communicating run to backend with 90.0 second timeout
2026-05-04 01:18:13,894 INFO    Thread-6 (_run_job):1071929 [wandb_init.py:init():1056] starting run threads in backend
2026-05-04 01:18:13,946 INFO    Thread-6 (_run_job):1071929 [wandb_run.py:_console_start():2554] atexit reg
2026-05-04 01:18:13,946 INFO    Thread-6 (_run_job):1071929 [wandb_run.py:_redirect():2403] redirect: wrap_raw
2026-05-04 01:18:13,946 INFO    Thread-6 (_run_job):1071929 [wandb_run.py:_redirect():2472] Wrapping output streams.
2026-05-04 01:18:13,947 INFO    Thread-6 (_run_job):1071929 [wandb_run.py:_redirect():2495] Redirects installed.
2026-05-04 01:18:13,949 INFO    Thread-6 (_run_job):1071929 [wandb_init.py:init():1094] run started, returning control to user process
2026-05-04 01:19:04,273 INFO    Thread-6 (_run_job):1071929 [wandb_run.py:_finish():2321] finishing run ramakrishna1106s-northwestern-university/vae-parameter-search/qmcvgc0a
2026-05-04 01:19:04,274 INFO    Thread-6 (_run_job):1071929 [wandb_run.py:_atexit_cleanup():2520] got exitcode: 1
2026-05-04 01:19:04,274 INFO    Thread-6 (_run_job):1071929 [wandb_run.py:_restore():2502] restore
2026-05-04 01:19:04,274 INFO    Thread-6 (_run_job):1071929 [wandb_run.py:_restore():2508] restore done
2026-05-04 01:19:04,917 INFO    Thread-6 (_run_job):1071929 [wandb_run.py:_footer_sync_info():3889] logging synced files
