{"time":"2026-05-04T01:21:25.91526227-05:00","level":"INFO","msg":"wandb-core"}
{"time":"2026-05-04T01:21:25.915985945-05:00","level":"INFO","msg":"stream: starting","core version":"0.26.1"}
{"time":"2026-05-04T01:21:26.094851561-05:00","level":"INFO","msg":"stream: created new stream","id":"5hyziuea"}
{"time":"2026-05-04T01:21:26.094983859-05:00","level":"INFO","msg":"handler: started"}
{"time":"2026-05-04T01:21:26.096035914-05:00","level":"INFO","msg":"stream: started"}
{"time":"2026-05-04T01:21:26.096069904-05:00","level":"INFO","msg":"writer: started","stream_id":"5hyziuea"}
{"time":"2026-05-04T01:21:26.096103441-05:00","level":"INFO","msg":"sender: started"}
{"time":"2026-05-04T01:21:31.510377618-05:00","level":"INFO","msg":"filestream: sending request","total_files":0,"uploaded_len":1}
{"time":"2026-05-04T01:21:31.637742328-05:00","level":"INFO","msg":"filestream: request sent","status":"200 OK"}
{"time":"2026-05-04T01:21:46.511068362-05:00","level":"INFO","msg":"filestream: sending request","total_files":4,"history_offset":0,"history_lines":2,"events_offset":0,"events_lines":2,"console_offset":0,"console_lines":2,"uploaded_len":1}
{"time":"2026-05-04T01:21:46.626483574-05:00","level":"INFO","msg":"filestream: request sent","status":"200 OK"}
{"time":"2026-05-04T01:22:01.510865393-05:00","level":"INFO","msg":"filestream: sending request","total_files":4,"history_offset":2,"history_lines":2,"events_offset":2,"events_lines":2,"console_offset":2,"console_lines":2}
{"time":"2026-05-04T01:22:01.627891467-05:00","level":"INFO","msg":"filestream: request sent","status":"200 OK"}
{"time":"2026-05-04T01:22:16.510434325-05:00","level":"INFO","msg":"filestream: sending request","total_files":4,"history_offset":4,"history_lines":2,"events_offset":4,"events_lines":2,"console_offset":4,"console_lines":2}
{"time":"2026-05-04T01:22:16.599636983-05:00","level":"INFO","msg":"filestream: request sent","status":"200 OK"}
{"time":"2026-05-04T01:22:31.510596958-05:00","level":"INFO","msg":"filestream: sending request","total_files":4,"history_offset":6,"history_lines":2,"events_offset":6,"events_lines":2,"console_offset":6,"console_lines":2}
{"time":"2026-05-04T01:22:31.58895077-05:00","level":"INFO","msg":"filestream: request sent","status":"200 OK"}
{"time":"2026-05-04T01:22:46.510927816-05:00","level":"INFO","msg":"filestream: sending request","total_files":4,"history_offset":8,"history_lines":2,"events_offset":8,"events_lines":2,"console_offset":8,"console_lines":2}
{"time":"2026-05-04T01:22:46.614959578-05:00","level":"INFO","msg":"filestream: request sent","status":"200 OK"}
{"time":"2026-05-04T01:23:01.510539419-05:00","level":"INFO","msg":"filestream: sending request","total_files":4,"history_offset":10,"history_lines":2,"events_offset":10,"events_lines":2,"console_offset":10,"console_lines":2}
{"time":"2026-05-04T01:23:01.62892596-05:00","level":"INFO","msg":"filestream: request sent","status":"200 OK"}
{"time":"2026-05-04T01:23:16.511239235-05:00","level":"INFO","msg":"filestream: sending request","total_files":4,"history_offset":12,"history_lines":2,"events_offset":12,"events_lines":2,"console_offset":12,"console_lines":2}
{"time":"2026-05-04T01:23:16.566720799-05:00","level":"INFO","msg":"filestream: request sent","status":"200 OK"}
{"time":"2026-05-04T01:23:22.030002083-05:00","level":"INFO","msg":"fileTransfer: Close: file transfer manager closed"}
{"time":"2026-05-04T01:23:22.030204147-05:00","level":"INFO","msg":"filestream: sending request","total_files":3,"history_offset":14,"history_lines":1,"console_offset":14,"console_lines":1,"uploaded_len":3,"complete":true,"exit_code":0}
{"time":"2026-05-04T01:23:22.111614968-05:00","level":"INFO","msg":"filestream: request sent","status":"200 OK"}
{"time":"2026-05-04T01:23:22.113551409-05:00","level":"INFO","msg":"handler: operation stats","stats":{}}
{"time":"2026-05-04T01:23:22.121361227-05:00","level":"INFO","msg":"stream: finishing up"}
{"time":"2026-05-04T01:23:22.121392793-05:00","level":"INFO","msg":"handler: closed"}
{"time":"2026-05-04T01:23:22.125366834-05:00","level":"INFO","msg":"sender: closed"}
{"time":"2026-05-04T01:23:22.125409565-05:00","level":"INFO","msg":"stream: all finished"}
