{"time":"2026-05-04T01:42:56.494787932-05:00","level":"INFO","msg":"wandb-core"}
{"time":"2026-05-04T01:42:56.495954665-05:00","level":"INFO","msg":"stream: starting","core version":"0.26.1"}
{"time":"2026-05-04T01:42:56.712376375-05:00","level":"INFO","msg":"stream: created new stream","id":"mqvi7ele"}
{"time":"2026-05-04T01:42:56.712580409-05:00","level":"INFO","msg":"handler: started"}
{"time":"2026-05-04T01:42:56.713528065-05:00","level":"INFO","msg":"stream: started"}
{"time":"2026-05-04T01:42:56.713582365-05:00","level":"INFO","msg":"writer: started","stream_id":"mqvi7ele"}
{"time":"2026-05-04T01:42:56.713642971-05:00","level":"INFO","msg":"sender: started"}
{"time":"2026-05-04T01:43:02.316063499-05:00","level":"INFO","msg":"filestream: sending request","total_files":0,"uploaded_len":1}
{"time":"2026-05-04T01:43:02.394349119-05:00","level":"INFO","msg":"filestream: request sent","status":"200 OK"}
{"time":"2026-05-04T01:43:17.316474039-05:00","level":"INFO","msg":"filestream: sending request","total_files":4,"history_offset":0,"history_lines":2,"events_offset":0,"events_lines":2,"console_offset":0,"console_lines":2,"uploaded_len":1}
{"time":"2026-05-04T01:43:17.90744651-05:00","level":"INFO","msg":"filestream: request sent","status":"200 OK"}
{"time":"2026-05-04T01:43:32.316406821-05:00","level":"INFO","msg":"filestream: sending request","total_files":4,"history_offset":2,"history_lines":2,"events_offset":2,"events_lines":2,"console_offset":2,"console_lines":2}
{"time":"2026-05-04T01:43:32.473195225-05:00","level":"INFO","msg":"filestream: request sent","status":"200 OK"}
{"time":"2026-05-04T01:43:47.317035036-05:00","level":"INFO","msg":"filestream: sending request","total_files":4,"history_offset":4,"history_lines":1,"events_offset":4,"events_lines":2,"console_offset":4,"console_lines":1}
{"time":"2026-05-04T01:43:47.393677163-05:00","level":"INFO","msg":"filestream: request sent","status":"200 OK"}
{"time":"2026-05-04T01:44:02.316341649-05:00","level":"INFO","msg":"filestream: sending request","total_files":4,"history_offset":5,"history_lines":2,"events_offset":6,"events_lines":2,"console_offset":5,"console_lines":2}
{"time":"2026-05-04T01:44:02.486717687-05:00","level":"INFO","msg":"filestream: request sent","status":"200 OK"}
{"time":"2026-05-04T01:44:17.316703914-05:00","level":"INFO","msg":"filestream: sending request","total_files":4,"history_offset":7,"history_lines":2,"events_offset":8,"events_lines":2,"console_offset":7,"console_lines":2}
{"time":"2026-05-04T01:44:17.575367127-05:00","level":"INFO","msg":"filestream: request sent","status":"200 OK"}
{"time":"2026-05-04T01:44:32.316838615-05:00","level":"INFO","msg":"filestream: sending request","total_files":4,"history_offset":9,"history_lines":2,"events_offset":10,"events_lines":2,"console_offset":9,"console_lines":2}
{"time":"2026-05-04T01:44:32.425279526-05:00","level":"INFO","msg":"filestream: request sent","status":"200 OK"}
{"time":"2026-05-04T01:44:47.316694157-05:00","level":"INFO","msg":"filestream: sending request","total_files":4,"history_offset":11,"history_lines":2,"events_offset":12,"events_lines":2,"console_offset":11,"console_lines":2}
{"time":"2026-05-04T01:44:47.447327563-05:00","level":"INFO","msg":"filestream: request sent","status":"200 OK"}
{"time":"2026-05-04T01:45:02.316602265-05:00","level":"INFO","msg":"filestream: sending request","total_files":4,"history_offset":13,"history_lines":2,"events_offset":14,"events_lines":2,"console_offset":13,"console_lines":2}
{"time":"2026-05-04T01:45:02.441629088-05:00","level":"INFO","msg":"filestream: request sent","status":"200 OK"}
{"time":"2026-05-04T01:45:17.317002848-05:00","level":"INFO","msg":"filestream: sending request","total_files":4,"history_offset":15,"history_lines":2,"events_offset":16,"events_lines":2,"console_offset":15,"console_lines":2}
{"time":"2026-05-04T01:45:17.429356396-05:00","level":"INFO","msg":"filestream: request sent","status":"200 OK"}
{"time":"2026-05-04T01:45:32.317051638-05:00","level":"INFO","msg":"filestream: sending request","total_files":4,"history_offset":17,"history_lines":2,"events_offset":18,"events_lines":2,"console_offset":17,"console_lines":2}
{"time":"2026-05-04T01:45:32.428810586-05:00","level":"INFO","msg":"filestream: request sent","status":"200 OK"}
{"time":"2026-05-04T01:45:47.316802274-05:00","level":"INFO","msg":"filestream: sending request","total_files":4,"history_offset":19,"history_lines":2,"events_offset":20,"events_lines":2,"console_offset":19,"console_lines":2}
{"time":"2026-05-04T01:45:47.431710431-05:00","level":"INFO","msg":"filestream: request sent","status":"200 OK"}
{"time":"2026-05-04T01:46:02.316517108-05:00","level":"INFO","msg":"filestream: sending request","total_files":4,"history_offset":21,"history_lines":2,"events_offset":22,"events_lines":2,"console_offset":21,"console_lines":2}
{"time":"2026-05-04T01:46:02.460834147-05:00","level":"INFO","msg":"filestream: request sent","status":"200 OK"}
{"time":"2026-05-04T01:46:17.316540539-05:00","level":"INFO","msg":"filestream: sending request","total_files":4,"history_offset":23,"history_lines":2,"events_offset":24,"events_lines":2,"console_offset":23,"console_lines":2}
{"time":"2026-05-04T01:46:17.4069399-05:00","level":"INFO","msg":"filestream: request sent","status":"200 OK"}
{"time":"2026-05-04T01:46:32.316215538-05:00","level":"INFO","msg":"filestream: sending request","total_files":4,"history_offset":25,"history_lines":2,"events_offset":26,"events_lines":2,"console_offset":25,"console_lines":2}
{"time":"2026-05-04T01:46:32.398562669-05:00","level":"INFO","msg":"filestream: request sent","status":"200 OK"}
{"time":"2026-05-04T01:46:47.317019787-05:00","level":"INFO","msg":"filestream: sending request","total_files":4,"history_offset":27,"history_lines":2,"events_offset":28,"events_lines":2,"console_offset":27,"console_lines":2}
{"time":"2026-05-04T01:46:47.448361218-05:00","level":"INFO","msg":"filestream: request sent","status":"200 OK"}
{"time":"2026-05-04T01:47:02.316349189-05:00","level":"INFO","msg":"filestream: sending request","total_files":4,"history_offset":29,"history_lines":2,"events_offset":30,"events_lines":2,"console_offset":29,"console_lines":2}
{"time":"2026-05-04T01:47:02.887096888-05:00","level":"INFO","msg":"filestream: request sent","status":"200 OK"}
{"time":"2026-05-04T01:47:17.316468121-05:00","level":"INFO","msg":"filestream: sending request","total_files":4,"history_offset":31,"history_lines":2,"events_offset":32,"events_lines":2,"console_offset":31,"console_lines":2}
{"time":"2026-05-04T01:47:17.45312034-05:00","level":"INFO","msg":"filestream: request sent","status":"200 OK"}
{"time":"2026-05-04T01:47:32.316499861-05:00","level":"INFO","msg":"filestream: sending request","total_files":4,"history_offset":33,"history_lines":1,"events_offset":34,"events_lines":2,"console_offset":33,"console_lines":1}
{"time":"2026-05-04T01:47:32.445008717-05:00","level":"INFO","msg":"filestream: request sent","status":"200 OK"}
{"time":"2026-05-04T01:47:47.316586479-05:00","level":"INFO","msg":"filestream: sending request","total_files":4,"history_offset":34,"history_lines":2,"events_offset":36,"events_lines":2,"console_offset":34,"console_lines":2}
{"time":"2026-05-04T01:47:47.529208596-05:00","level":"INFO","msg":"filestream: request sent","status":"200 OK"}
{"time":"2026-05-04T01:48:02.316698566-05:00","level":"INFO","msg":"filestream: sending request","total_files":4,"history_offset":36,"history_lines":2,"events_offset":38,"events_lines":2,"console_offset":36,"console_lines":2}
{"time":"2026-05-04T01:48:02.426934566-05:00","level":"INFO","msg":"filestream: request sent","status":"200 OK"}
{"time":"2026-05-04T01:48:17.316768766-05:00","level":"INFO","msg":"filestream: sending request","total_files":4,"history_offset":38,"history_lines":2,"events_offset":40,"events_lines":2,"console_offset":38,"console_lines":2}
{"time":"2026-05-04T01:48:17.396714494-05:00","level":"INFO","msg":"filestream: request sent","status":"200 OK"}
{"time":"2026-05-04T01:48:32.316376308-05:00","level":"INFO","msg":"filestream: sending request","total_files":4,"history_offset":40,"history_lines":2,"events_offset":42,"events_lines":2,"console_offset":40,"console_lines":2}
{"time":"2026-05-04T01:48:32.423643674-05:00","level":"INFO","msg":"filestream: request sent","status":"200 OK"}
{"time":"2026-05-04T01:48:47.316752149-05:00","level":"INFO","msg":"filestream: sending request","total_files":4,"history_offset":42,"history_lines":2,"events_offset":44,"events_lines":2,"console_offset":42,"console_lines":2}
{"time":"2026-05-04T01:48:47.427697617-05:00","level":"INFO","msg":"filestream: request sent","status":"200 OK"}
{"time":"2026-05-04T01:49:02.316346956-05:00","level":"INFO","msg":"filestream: sending request","total_files":4,"history_offset":44,"history_lines":2,"events_offset":46,"events_lines":2,"console_offset":44,"console_lines":2}
{"time":"2026-05-04T01:49:02.392678728-05:00","level":"INFO","msg":"filestream: request sent","status":"200 OK"}
{"time":"2026-05-04T01:49:17.316566212-05:00","level":"INFO","msg":"filestream: sending request","total_files":4,"history_offset":46,"history_lines":2,"events_offset":48,"events_lines":2,"console_offset":46,"console_lines":2}
{"time":"2026-05-04T01:49:17.584056513-05:00","level":"INFO","msg":"filestream: request sent","status":"200 OK"}
{"time":"2026-05-04T01:49:32.316464915-05:00","level":"INFO","msg":"filestream: sending request","total_files":4,"history_offset":48,"history_lines":2,"events_offset":50,"events_lines":2,"console_offset":48,"console_lines":2}
{"time":"2026-05-04T01:49:32.412334632-05:00","level":"INFO","msg":"filestream: request sent","status":"200 OK"}
{"time":"2026-05-04T01:49:47.317099647-05:00","level":"INFO","msg":"filestream: sending request","total_files":4,"history_offset":50,"history_lines":2,"events_offset":52,"events_lines":2,"console_offset":50,"console_lines":2}
{"time":"2026-05-04T01:49:47.40226219-05:00","level":"INFO","msg":"filestream: request sent","status":"200 OK"}
{"time":"2026-05-04T01:50:02.316418983-05:00","level":"INFO","msg":"filestream: sending request","total_files":4,"history_offset":52,"history_lines":2,"events_offset":54,"events_lines":2,"console_offset":52,"console_lines":2}
{"time":"2026-05-04T01:50:02.380920384-05:00","level":"INFO","msg":"filestream: request sent","status":"200 OK"}
{"time":"2026-05-04T01:50:17.316818722-05:00","level":"INFO","msg":"filestream: sending request","total_files":4,"history_offset":54,"history_lines":2,"events_offset":56,"events_lines":2,"console_offset":54,"console_lines":2}
{"time":"2026-05-04T01:50:17.922124-05:00","level":"INFO","msg":"filestream: request sent","status":"200 OK"}
{"time":"2026-05-04T01:50:32.316922572-05:00","level":"INFO","msg":"filestream: sending request","total_files":4,"history_offset":56,"history_lines":2,"events_offset":58,"events_lines":2,"console_offset":56,"console_lines":2}
{"time":"2026-05-04T01:50:32.428978768-05:00","level":"INFO","msg":"filestream: request sent","status":"200 OK"}
{"time":"2026-05-04T01:50:47.31608377-05:00","level":"INFO","msg":"filestream: sending request","total_files":4,"history_offset":58,"history_lines":1,"events_offset":60,"events_lines":2,"console_offset":58,"console_lines":1}
{"time":"2026-05-04T01:50:47.441357251-05:00","level":"INFO","msg":"filestream: request sent","status":"200 OK"}
{"time":"2026-05-04T01:51:02.317090607-05:00","level":"INFO","msg":"filestream: sending request","total_files":4,"history_offset":59,"history_lines":2,"events_offset":62,"events_lines":2,"console_offset":59,"console_lines":2}
{"time":"2026-05-04T01:51:02.43904915-05:00","level":"INFO","msg":"filestream: request sent","status":"200 OK"}
{"time":"2026-05-04T01:51:17.316162621-05:00","level":"INFO","msg":"filestream: sending request","total_files":4,"history_offset":61,"history_lines":2,"events_offset":64,"events_lines":2,"console_offset":61,"console_lines":2}
{"time":"2026-05-04T01:51:17.906298393-05:00","level":"INFO","msg":"filestream: request sent","status":"200 OK"}
{"time":"2026-05-04T01:51:32.31710572-05:00","level":"INFO","msg":"filestream: sending request","total_files":4,"history_offset":63,"history_lines":2,"events_offset":66,"events_lines":2,"console_offset":63,"console_lines":2}
{"time":"2026-05-04T01:51:32.53079465-05:00","level":"INFO","msg":"filestream: request sent","status":"200 OK"}
{"time":"2026-05-04T01:51:47.316993831-05:00","level":"INFO","msg":"filestream: sending request","total_files":4,"history_offset":65,"history_lines":2,"events_offset":68,"events_lines":2,"console_offset":65,"console_lines":2}
{"time":"2026-05-04T01:51:47.387861241-05:00","level":"INFO","msg":"filestream: request sent","status":"200 OK"}
{"time":"2026-05-04T01:52:02.316782787-05:00","level":"INFO","msg":"filestream: sending request","total_files":4,"history_offset":67,"history_lines":2,"events_offset":70,"events_lines":2,"console_offset":67,"console_lines":2}
{"time":"2026-05-04T01:52:02.383218227-05:00","level":"INFO","msg":"filestream: request sent","status":"200 OK"}
{"time":"2026-05-04T01:52:17.316337044-05:00","level":"INFO","msg":"filestream: sending request","total_files":4,"history_offset":69,"history_lines":2,"events_offset":72,"events_lines":2,"console_offset":69,"console_lines":2}
{"time":"2026-05-04T01:52:17.454982116-05:00","level":"INFO","msg":"filestream: request sent","status":"200 OK"}
{"time":"2026-05-04T01:52:32.316115604-05:00","level":"INFO","msg":"filestream: sending request","total_files":4,"history_offset":71,"history_lines":2,"events_offset":74,"events_lines":2,"console_offset":71,"console_lines":2}
{"time":"2026-05-04T01:52:32.40881285-05:00","level":"INFO","msg":"filestream: request sent","status":"200 OK"}
{"time":"2026-05-04T01:52:47.316852081-05:00","level":"INFO","msg":"filestream: sending request","total_files":4,"history_offset":73,"history_lines":2,"events_offset":76,"events_lines":2,"console_offset":73,"console_lines":2}
{"time":"2026-05-04T01:52:47.584932529-05:00","level":"INFO","msg":"filestream: request sent","status":"200 OK"}
{"time":"2026-05-04T01:53:02.317036707-05:00","level":"INFO","msg":"filestream: sending request","total_files":4,"history_offset":75,"history_lines":2,"events_offset":78,"events_lines":2,"console_offset":75,"console_lines":2}
{"time":"2026-05-04T01:53:02.437251671-05:00","level":"INFO","msg":"filestream: request sent","status":"200 OK"}
{"time":"2026-05-04T01:53:17.316822889-05:00","level":"INFO","msg":"filestream: sending request","total_files":4,"history_offset":77,"history_lines":2,"events_offset":80,"events_lines":2,"console_offset":77,"console_lines":2}
{"time":"2026-05-04T01:53:17.48324866-05:00","level":"INFO","msg":"filestream: request sent","status":"200 OK"}
{"time":"2026-05-04T01:53:32.316979296-05:00","level":"INFO","msg":"filestream: sending request","total_files":4,"history_offset":79,"history_lines":2,"events_offset":82,"events_lines":2,"console_offset":79,"console_lines":2}
{"time":"2026-05-04T01:53:32.895761348-05:00","level":"INFO","msg":"filestream: request sent","status":"200 OK"}
{"time":"2026-05-04T01:53:47.316965398-05:00","level":"INFO","msg":"filestream: sending request","total_files":4,"history_offset":81,"history_lines":2,"events_offset":84,"events_lines":2,"console_offset":81,"console_lines":2}
{"time":"2026-05-04T01:53:47.901180022-05:00","level":"INFO","msg":"filestream: request sent","status":"200 OK"}
{"time":"2026-05-04T01:54:02.316523583-05:00","level":"INFO","msg":"filestream: sending request","total_files":4,"history_offset":83,"history_lines":2,"events_offset":86,"events_lines":2,"console_offset":83,"console_lines":2}
{"time":"2026-05-04T01:54:02.455387996-05:00","level":"INFO","msg":"filestream: request sent","status":"200 OK"}
{"time":"2026-05-04T01:54:17.316278147-05:00","level":"INFO","msg":"filestream: sending request","total_files":4,"history_offset":85,"history_lines":2,"events_offset":88,"events_lines":2,"console_offset":85,"console_lines":2}
{"time":"2026-05-04T01:54:17.699184566-05:00","level":"INFO","msg":"filestream: request sent","status":"200 OK"}
{"time":"2026-05-04T01:54:32.316081331-05:00","level":"INFO","msg":"filestream: sending request","total_files":4,"history_offset":87,"history_lines":2,"events_offset":90,"events_lines":2,"console_offset":87,"console_lines":2}
{"time":"2026-05-04T01:54:32.513868006-05:00","level":"INFO","msg":"filestream: request sent","status":"200 OK"}
{"time":"2026-05-04T01:54:47.316962023-05:00","level":"INFO","msg":"filestream: sending request","total_files":4,"history_offset":89,"history_lines":1,"events_offset":92,"events_lines":2,"console_offset":89,"console_lines":1}
{"time":"2026-05-04T01:54:47.501005795-05:00","level":"INFO","msg":"filestream: request sent","status":"200 OK"}
{"time":"2026-05-04T01:55:02.316214084-05:00","level":"INFO","msg":"filestream: sending request","total_files":4,"history_offset":90,"history_lines":2,"events_offset":94,"events_lines":2,"console_offset":90,"console_lines":2}
{"time":"2026-05-04T01:55:02.436022516-05:00","level":"INFO","msg":"filestream: request sent","status":"200 OK"}
{"time":"2026-05-04T01:55:17.316103309-05:00","level":"INFO","msg":"filestream: sending request","total_files":4,"history_offset":92,"history_lines":2,"events_offset":96,"events_lines":2,"console_offset":92,"console_lines":2}
{"time":"2026-05-04T01:55:17.455704773-05:00","level":"INFO","msg":"filestream: request sent","status":"200 OK"}
{"time":"2026-05-04T01:55:32.316403268-05:00","level":"INFO","msg":"filestream: sending request","total_files":4,"history_offset":94,"history_lines":2,"events_offset":98,"events_lines":2,"console_offset":94,"console_lines":2}
{"time":"2026-05-04T01:55:32.462635329-05:00","level":"INFO","msg":"filestream: request sent","status":"200 OK"}
{"time":"2026-05-04T01:55:47.316878058-05:00","level":"INFO","msg":"filestream: sending request","total_files":4,"history_offset":96,"history_lines":2,"events_offset":100,"events_lines":2,"console_offset":96,"console_lines":2}
{"time":"2026-05-04T01:55:47.443240306-05:00","level":"INFO","msg":"filestream: request sent","status":"200 OK"}
{"time":"2026-05-04T01:55:57.814121869-05:00","level":"INFO","msg":"fileTransfer: Close: file transfer manager closed"}
{"time":"2026-05-04T01:55:57.81434345-05:00","level":"INFO","msg":"filestream: sending request","total_files":4,"history_offset":98,"history_lines":2,"events_offset":102,"events_lines":2,"console_offset":98,"console_lines":2,"uploaded_len":3,"complete":true,"exit_code":0}
{"time":"2026-05-04T01:55:57.940171093-05:00","level":"INFO","msg":"filestream: request sent","status":"200 OK"}
{"time":"2026-05-04T01:55:57.942119921-05:00","level":"INFO","msg":"handler: operation stats","stats":{}}
{"time":"2026-05-04T01:55:57.95064318-05:00","level":"INFO","msg":"stream: finishing up"}
{"time":"2026-05-04T01:55:57.950678981-05:00","level":"INFO","msg":"handler: closed"}
{"time":"2026-05-04T01:55:57.951046742-05:00","level":"INFO","msg":"sender: closed"}
{"time":"2026-05-04T01:55:57.951072813-05:00","level":"INFO","msg":"stream: all finished"}
