2026-05-04 01:42:55,335 INFO    Thread-2 (_run_job):1289003 [wandb_setup.py:_flush():81] Current SDK version is 0.26.1
2026-05-04 01:42:55,335 INFO    Thread-2 (_run_job):1289003 [wandb_setup.py:_flush():81] Configure stats pid to 1289003
2026-05-04 01:42:55,336 INFO    Thread-2 (_run_job):1289003 [wandb_setup.py:_flush():81] Loading settings from environment variables
2026-05-04 01:42:55,336 INFO    Thread-2 (_run_job):1289003 [wandb_init.py:setup_run_log_directory():723] Logging user logs to /gpfs/home/cqp0132/vae_sweep_project/wandb/run-20260504_014255-mqvi7ele/logs/debug.log
2026-05-04 01:42:55,336 INFO    Thread-2 (_run_job):1289003 [wandb_init.py:setup_run_log_directory():724] Logging internal logs to /gpfs/home/cqp0132/vae_sweep_project/wandb/run-20260504_014255-mqvi7ele/logs/debug-internal.log
2026-05-04 01:42:55,336 INFO    Thread-2 (_run_job):1289003 [wandb_init.py:init():850] calling init triggers
2026-05-04 01:42:55,336 INFO    Thread-2 (_run_job):1289003 [wandb_init.py:init():855] wandb.init called with sweep_config: {'beta': 2, 'epochs': 100, 'latent_dim': 64, 'learning_rate': 0.0001}
config: {'_wandb': {}}
2026-05-04 01:42:55,336 INFO    Thread-2 (_run_job):1289003 [wandb_init.py:init():898] starting backend
2026-05-04 01:42:56,440 INFO    Thread-2 (_run_job):1289003 [wandb_init.py:init():913] sending inform_init request
2026-05-04 01:42:56,714 INFO    Thread-2 (_run_job):1289003 [wandb_init.py:init():918] backend started and connected
2026-05-04 01:42:56,716 INFO    Thread-2 (_run_job):1289003 [wandb_run.py:_config_callback():1415] config_cb None None {'beta': 2, 'epochs': 100, 'latent_dim': 64, 'learning_rate': 0.0001}
2026-05-04 01:42:56,717 INFO    Thread-2 (_run_job):1289003 [wandb_init.py:init():988] updated telemetry
2026-05-04 01:42:56,721 INFO    Thread-2 (_run_job):1289003 [wandb_init.py:init():1011] communicating run to backend with 90.0 second timeout
2026-05-04 01:42:56,885 INFO    Thread-2 (_run_job):1289003 [wandb_init.py:init():1056] starting run threads in backend
2026-05-04 01:42:57,504 INFO    Thread-2 (_run_job):1289003 [wandb_run.py:_console_start():2554] atexit reg
2026-05-04 01:42:57,504 INFO    Thread-2 (_run_job):1289003 [wandb_run.py:_redirect():2403] redirect: wrap_raw
2026-05-04 01:42:57,504 INFO    Thread-2 (_run_job):1289003 [wandb_run.py:_redirect():2472] Wrapping output streams.
2026-05-04 01:42:57,505 INFO    Thread-2 (_run_job):1289003 [wandb_run.py:_redirect():2495] Redirects installed.
2026-05-04 01:42:57,551 INFO    Thread-2 (_run_job):1289003 [wandb_init.py:init():1094] run started, returning control to user process
2026-05-04 01:55:57,362 INFO    Thread-2 (_run_job):1289003 [wandb_run.py:_finish():2321] finishing run ramakrishna1106s-northwestern-university/vae-parameter-search/mqvi7ele
2026-05-04 01:55:57,363 INFO    Thread-2 (_run_job):1289003 [wandb_run.py:_atexit_cleanup():2520] got exitcode: 0
2026-05-04 01:55:57,364 INFO    Thread-2 (_run_job):1289003 [wandb_run.py:_restore():2502] restore
2026-05-04 01:55:57,364 INFO    Thread-2 (_run_job):1289003 [wandb_run.py:_restore():2508] restore done
2026-05-04 01:55:57,949 INFO    Thread-2 (_run_job):1289003 [wandb_run.py:_footer_sync_info():3889] logging synced files
