2026-05-04 01:16:06,495 INFO    Thread-4 (_run_job):1071929 [wandb_setup.py:_flush():81] Current SDK version is 0.26.1
2026-05-04 01:16:06,495 INFO    Thread-4 (_run_job):1071929 [wandb_setup.py:_flush():81] Configure stats pid to 1071929
2026-05-04 01:16:06,495 INFO    Thread-4 (_run_job):1071929 [wandb_setup.py:_flush():81] Loading settings from environment variables
2026-05-04 01:16:06,495 INFO    Thread-4 (_run_job):1071929 [wandb_init.py:setup_run_log_directory():723] Logging user logs to /gpfs/home/cqp0132/vae_sweep_project/wandb/run-20260504_011606-cejd6e8t/logs/debug.log
2026-05-04 01:16:06,495 INFO    Thread-4 (_run_job):1071929 [wandb_init.py:setup_run_log_directory():724] Logging internal logs to /gpfs/home/cqp0132/vae_sweep_project/wandb/run-20260504_011606-cejd6e8t/logs/debug-internal.log
2026-05-04 01:16:06,495 INFO    Thread-4 (_run_job):1071929 [wandb_init.py:init():850] calling init triggers
2026-05-04 01:16:06,495 INFO    Thread-4 (_run_job):1071929 [wandb_init.py:init():855] wandb.init called with sweep_config: {'beta': 0.5, 'epochs': 15, 'latent_dim': 32, 'learning_rate': 0.001}
config: {'_wandb': {}}
2026-05-04 01:16:06,496 INFO    Thread-4 (_run_job):1071929 [wandb_init.py:init():898] starting backend
2026-05-04 01:16:06,700 INFO    Thread-4 (_run_job):1071929 [wandb_init.py:init():913] sending inform_init request
2026-05-04 01:16:06,881 INFO    Thread-4 (_run_job):1071929 [wandb_init.py:init():918] backend started and connected
2026-05-04 01:16:06,883 INFO    Thread-4 (_run_job):1071929 [wandb_run.py:_config_callback():1415] config_cb None None {'beta': 0.5, 'epochs': 15, 'latent_dim': 32, 'learning_rate': 0.001}
2026-05-04 01:16:06,887 INFO    Thread-4 (_run_job):1071929 [wandb_init.py:init():988] updated telemetry
2026-05-04 01:16:06,891 INFO    Thread-4 (_run_job):1071929 [wandb_init.py:init():1011] communicating run to backend with 90.0 second timeout
2026-05-04 01:16:07,049 INFO    Thread-4 (_run_job):1071929 [wandb_init.py:init():1056] starting run threads in backend
2026-05-04 01:16:07,099 INFO    Thread-4 (_run_job):1071929 [wandb_run.py:_console_start():2554] atexit reg
2026-05-04 01:16:07,100 INFO    Thread-4 (_run_job):1071929 [wandb_run.py:_redirect():2403] redirect: wrap_raw
2026-05-04 01:16:07,100 INFO    Thread-4 (_run_job):1071929 [wandb_run.py:_redirect():2472] Wrapping output streams.
2026-05-04 01:16:07,100 INFO    Thread-4 (_run_job):1071929 [wandb_run.py:_redirect():2495] Redirects installed.
2026-05-04 01:16:07,102 INFO    Thread-4 (_run_job):1071929 [wandb_init.py:init():1094] run started, returning control to user process
2026-05-04 01:18:02,640 INFO    Thread-4 (_run_job):1071929 [wandb_run.py:_finish():2321] finishing run ramakrishna1106s-northwestern-university/vae-parameter-search/cejd6e8t
2026-05-04 01:18:02,640 INFO    Thread-4 (_run_job):1071929 [wandb_run.py:_atexit_cleanup():2520] got exitcode: 0
2026-05-04 01:18:02,641 INFO    Thread-4 (_run_job):1071929 [wandb_run.py:_restore():2502] restore
2026-05-04 01:18:02,641 INFO    Thread-4 (_run_job):1071929 [wandb_run.py:_restore():2508] restore done
2026-05-04 01:18:03,196 INFO    Thread-4 (_run_job):1071929 [wandb_run.py:_footer_sync_info():3889] logging synced files
