{"time":"2026-05-04T01:16:06.709587523-05:00","level":"INFO","msg":"wandb-core"}
{"time":"2026-05-04T01:16:06.710161376-05:00","level":"INFO","msg":"stream: starting","core version":"0.26.1"}
{"time":"2026-05-04T01:16:06.879861297-05:00","level":"INFO","msg":"stream: created new stream","id":"cejd6e8t"}
{"time":"2026-05-04T01:16:06.880044014-05:00","level":"INFO","msg":"handler: started"}
{"time":"2026-05-04T01:16:06.880973143-05:00","level":"INFO","msg":"stream: started"}
{"time":"2026-05-04T01:16:06.881005205-05:00","level":"INFO","msg":"writer: started","stream_id":"cejd6e8t"}
{"time":"2026-05-04T01:16:06.881037439-05:00","level":"INFO","msg":"sender: started"}
{"time":"2026-05-04T01:16:12.370143063-05:00","level":"INFO","msg":"filestream: sending request","total_files":0,"uploaded_len":1}
{"time":"2026-05-04T01:16:12.497780042-05:00","level":"INFO","msg":"filestream: request sent","status":"200 OK"}
{"time":"2026-05-04T01:16:27.370668395-05:00","level":"INFO","msg":"filestream: sending request","total_files":4,"history_offset":0,"history_lines":2,"events_offset":0,"events_lines":2,"console_offset":0,"console_lines":2,"uploaded_len":1}
{"time":"2026-05-04T01:16:27.648220223-05:00","level":"INFO","msg":"filestream: request sent","status":"200 OK"}
{"time":"2026-05-04T01:16:42.370460575-05:00","level":"INFO","msg":"filestream: sending request","total_files":4,"history_offset":2,"history_lines":2,"events_offset":2,"events_lines":2,"console_offset":2,"console_lines":2}
{"time":"2026-05-04T01:16:42.47968124-05:00","level":"INFO","msg":"filestream: request sent","status":"200 OK"}
{"time":"2026-05-04T01:16:57.371004029-05:00","level":"INFO","msg":"filestream: sending request","total_files":4,"history_offset":4,"history_lines":2,"events_offset":4,"events_lines":2,"console_offset":4,"console_lines":2}
{"time":"2026-05-04T01:16:57.521482275-05:00","level":"INFO","msg":"filestream: request sent","status":"200 OK"}
{"time":"2026-05-04T01:17:12.370463278-05:00","level":"INFO","msg":"filestream: sending request","total_files":4,"history_offset":6,"history_lines":2,"events_offset":6,"events_lines":2,"console_offset":6,"console_lines":2}
{"time":"2026-05-04T01:17:12.563922602-05:00","level":"INFO","msg":"filestream: request sent","status":"200 OK"}
{"time":"2026-05-04T01:17:27.370783797-05:00","level":"INFO","msg":"filestream: sending request","total_files":4,"history_offset":8,"history_lines":2,"events_offset":8,"events_lines":2,"console_offset":8,"console_lines":2}
{"time":"2026-05-04T01:17:27.47228281-05:00","level":"INFO","msg":"filestream: request sent","status":"200 OK"}
{"time":"2026-05-04T01:17:42.370422754-05:00","level":"INFO","msg":"filestream: sending request","total_files":4,"history_offset":10,"history_lines":2,"events_offset":10,"events_lines":2,"console_offset":10,"console_lines":2}
{"time":"2026-05-04T01:17:42.497265298-05:00","level":"INFO","msg":"filestream: request sent","status":"200 OK"}
{"time":"2026-05-04T01:17:57.37122624-05:00","level":"INFO","msg":"filestream: sending request","total_files":4,"history_offset":12,"history_lines":2,"events_offset":12,"events_lines":2,"console_offset":12,"console_lines":2}
{"time":"2026-05-04T01:17:57.510713025-05:00","level":"INFO","msg":"filestream: request sent","status":"200 OK"}
{"time":"2026-05-04T01:18:03.092191593-05:00","level":"INFO","msg":"fileTransfer: Close: file transfer manager closed"}
{"time":"2026-05-04T01:18:03.092378738-05:00","level":"INFO","msg":"filestream: sending request","total_files":3,"history_offset":14,"history_lines":1,"console_offset":14,"console_lines":1,"uploaded_len":3,"complete":true,"exit_code":0}
{"time":"2026-05-04T01:18:03.187593232-05:00","level":"INFO","msg":"filestream: request sent","status":"200 OK"}
{"time":"2026-05-04T01:18:03.189618025-05:00","level":"INFO","msg":"handler: operation stats","stats":{}}
{"time":"2026-05-04T01:18:03.197562086-05:00","level":"INFO","msg":"stream: finishing up"}
{"time":"2026-05-04T01:18:03.197593049-05:00","level":"INFO","msg":"handler: closed"}
{"time":"2026-05-04T01:18:03.201162857-05:00","level":"INFO","msg":"sender: closed"}
{"time":"2026-05-04T01:18:03.201194277-05:00","level":"INFO","msg":"stream: all finished"}
